      Step     Time          Energy          fmax
BFGS:    0 15:07:37      -20.433461        0.497537
BFGS:    1 15:07:37      -20.434077        0.321436
BFGS:    2 15:07:37      -20.434527        0.002138
BFGS:    3 15:07:37      -20.434527        0.000009
      Step     Time          Energy          fmax
BFGS:    0 15:10:31      -20.433461        0.497537
BFGS:    1 15:10:31      -20.434077        0.321436
BFGS:    2 15:10:31      -20.434527        0.002138
BFGS:    3 15:10:31      -20.434527        0.000009
      Step     Time          Energy          fmax
BFGS:    0 15:14:13      -20.433461        0.497537
BFGS:    1 15:14:13      -20.434077        0.321436
BFGS:    2 15:14:13      -20.434527        0.002138
BFGS:    3 15:14:13      -20.434527        0.000009
      Step     Time          Energy          fmax
BFGS:    0 15:18:22      -20.433461        0.497537
BFGS:    1 15:18:22      -20.434077        0.321436
BFGS:    2 15:18:22      -20.434527        0.002138
BFGS:    3 15:18:22      -20.434527        0.000009
      Step     Time          Energy          fmax
BFGS:    0 15:25:48      -20.433461        0.497537
BFGS:    1 15:25:48      -20.434077        0.321436
BFGS:    2 15:25:48      -20.434527        0.002138
BFGS:    3 15:25:48      -20.434527        0.000009
      Step     Time          Energy          fmax
BFGS:    0 15:28:35      -20.433461        0.497537
BFGS:    1 15:28:35      -20.434077        0.321436
BFGS:    2 15:28:35      -20.434527        0.002138
BFGS:    3 15:28:35      -20.434527        0.000009
